-- The C compiler identification is GNU 11.4.0
-- The CXX compiler identification is GNU 11.4.0
-- Detecting C compiler ABI info
-- Detecting C compiler ABI info - done
-- Check for working C compiler: /usr/bin/cc - skipped
-- Detecting C compile features
-- Detecting C compile features - done
-- Detecting CXX compiler ABI info
-- Detecting CXX compiler ABI info - done
-- Check for working CXX compiler: /usr/bin/c++ - skipped
-- Detecting CXX compile features
-- Detecting CXX compile features - done
-- Found ament_cmake: 1.3.14 (/opt/ros/humble/share/ament_cmake/cmake)
-- Found Python3: /usr/bin/python3 (found version "3.10.12") found components: Interpreter 
-- Override CMake install command with custom implementation using symlinks instead of copying resources
-- Found rclpy: 3.3.21 (/opt/ros/humble/share/rclpy/cmake)
-- Found nav_msgs: 4.9.1 (/opt/ros/humble/share/nav_msgs/cmake)
-- Found rosidl_generator_c: 3.1.8 (/opt/ros/humble/share/rosidl_generator_c/cmake)
-- Found rosidl_adapter: 3.1.8 (/opt/ros/humble/share/rosidl_adapter/cmake)
-- Found rosidl_generator_cpp: 3.1.8 (/opt/ros/humble/share/rosidl_generator_cpp/cmake)
-- Using all available rosidl_typesupport_c: rosidl_typesupport_fastrtps_c;rosidl_typesupport_introspection_c
-- Using all available rosidl_typesupport_cpp: rosidl_typesupport_fastrtps_cpp;rosidl_typesupport_introspection_cpp
-- Found ament_lint_auto: 0.12.15 (/opt/ros/humble/share/ament_lint_auto/cmake)
-- Added test 'flake8' to check Python code syntax and style conventions
-- Added test 'lint_cmake' to check CMake code style
-- Added test 'pep257' to check Python code against some of the docstring style conventions in PEP 257
-- Added test 'xmllint' to check XML markup files
-- Configuring done
-- Generating done
-- Build files have been written to: /home/qhuy/Documents/CD2/Autonomous-Maze-Solving-Turtlebot3-Simulation/build/autonomous_tb3
Built target ament_cmake_python_symlink_script
running egg_info
creating script.egg-info
writing script.egg-info/PKG-INFO
writing dependency_links to script.egg-info/dependency_links.txt
writing top-level names to script.egg-info/top_level.txt
writing manifest file 'script.egg-info/SOURCES.txt'
reading manifest file 'script.egg-info/SOURCES.txt'
writing manifest file 'script.egg-info/SOURCES.txt'
Built target ament_cmake_python_build_script_egg
-- Install configuration: ""
-- Execute custom install script
-- Symlinking: /home/qhuy/Documents/CD2/Autonomous-Maze-Solving-Turtlebot3-Simulation/install/autonomous_tb3/share/autonomous_tb3/environment/pythonpath.sh
-- Symlinking: /home/qhuy/Documents/CD2/Autonomous-Maze-Solving-Turtlebot3-Simulation/install/autonomous_tb3/share/autonomous_tb3/environment/pythonpath.dsv
-- Symlinking: /home/qhuy/Documents/CD2/Autonomous-Maze-Solving-Turtlebot3-Simulation/install/autonomous_tb3/local/lib/python3.10/dist-packages/script-0.0.0-py3.10.egg-info/PKG-INFO
-- Symlinking: /home/qhuy/Documents/CD2/Autonomous-Maze-Solving-Turtlebot3-Simulation/install/autonomous_tb3/local/lib/python3.10/dist-packages/script-0.0.0-py3.10.egg-info/SOURCES.txt
-- Symlinking: /home/qhuy/Documents/CD2/Autonomous-Maze-Solving-Turtlebot3-Simulation/install/autonomous_tb3/local/lib/python3.10/dist-packages/script-0.0.0-py3.10.egg-info/dependency_links.txt
-- Symlinking: /home/qhuy/Documents/CD2/Autonomous-Maze-Solving-Turtlebot3-Simulation/install/autonomous_tb3/local/lib/python3.10/dist-packages/script-0.0.0-py3.10.egg-info/top_level.txt
-- Symlinking: /home/qhuy/Documents/CD2/Autonomous-Maze-Solving-Turtlebot3-Simulation/install/autonomous_tb3/local/lib/python3.10/dist-packages/script/__init__.py
-- Symlinking: /home/qhuy/Documents/CD2/Autonomous-Maze-Solving-Turtlebot3-Simulation/install/autonomous_tb3/local/lib/python3.10/dist-packages/script/entity_spawner.py
-- Symlinking: /home/qhuy/Documents/CD2/Autonomous-Maze-Solving-Turtlebot3-Simulation/install/autonomous_tb3/local/lib/python3.10/dist-packages/script/maze_solver.py
-- Symlinking: /home/qhuy/Documents/CD2/Autonomous-Maze-Solving-Turtlebot3-Simulation/install/autonomous_tb3/local/lib/python3.10/dist-packages/script/occupancy_grid_pub.py
-- Symlinking: /home/qhuy/Documents/CD2/Autonomous-Maze-Solving-Turtlebot3-Simulation/install/autonomous_tb3/lib/autonomous_tb3/occupancy_grid_pub.py
-- Symlinking: /home/qhuy/Documents/CD2/Autonomous-Maze-Solving-Turtlebot3-Simulation/install/autonomous_tb3/lib/autonomous_tb3/entity_spawner.py
-- Symlinking: /home/qhuy/Documents/CD2/Autonomous-Maze-Solving-Turtlebot3-Simulation/install/autonomous_tb3/lib/autonomous_tb3/maze_solver.py
-- Symlinking: /home/qhuy/Documents/CD2/Autonomous-Maze-Solving-Turtlebot3-Simulation/install/autonomous_tb3/share/autonomous_tb3//config/maze_map.pgm
-- Symlinking: /home/qhuy/Documents/CD2/Autonomous-Maze-Solving-Turtlebot3-Simulation/install/autonomous_tb3/share/autonomous_tb3//config/maze_map.yaml
-- Symlinking: /home/qhuy/Documents/CD2/Autonomous-Maze-Solving-Turtlebot3-Simulation/install/autonomous_tb3/share/autonomous_tb3//config/tb3_nav.rviz
-- Symlinking: /home/qhuy/Documents/CD2/Autonomous-Maze-Solving-Turtlebot3-Simulation/install/autonomous_tb3/share/autonomous_tb3//config/tb3_nav_params.yaml
-- Symlinking: /home/qhuy/Documents/CD2/Autonomous-Maze-Solving-Turtlebot3-Simulation/install/autonomous_tb3/share/autonomous_tb3//config/tb3_world_2d_map.pgm
-- Symlinking: /home/qhuy/Documents/CD2/Autonomous-Maze-Solving-Turtlebot3-Simulation/install/autonomous_tb3/share/autonomous_tb3//config/tb3_world_2d_map.yaml
-- Symlinking: /home/qhuy/Documents/CD2/Autonomous-Maze-Solving-Turtlebot3-Simulation/install/autonomous_tb3/share/autonomous_tb3//config/turtlebot3_cartographer.lua
-- Symlinking: /home/qhuy/Documents/CD2/Autonomous-Maze-Solving-Turtlebot3-Simulation/install/autonomous_tb3/share/autonomous_tb3//launch/mapping.launch.py
-- Symlinking: /home/qhuy/Documents/CD2/Autonomous-Maze-Solving-Turtlebot3-Simulation/install/autonomous_tb3/share/autonomous_tb3//launch/navigation.launch.py
-- Symlinking: /home/qhuy/Documents/CD2/Autonomous-Maze-Solving-Turtlebot3-Simulation/install/autonomous_tb3/share/autonomous_tb3//launch/tb3_maze_navigation.launch.py
-- Symlinking: /home/qhuy/Documents/CD2/Autonomous-Maze-Solving-Turtlebot3-Simulation/install/autonomous_tb3/share/autonomous_tb3//worlds/tb3_maze_world/model.config
-- Symlinking: /home/qhuy/Documents/CD2/Autonomous-Maze-Solving-Turtlebot3-Simulation/install/autonomous_tb3/share/autonomous_tb3//worlds/tb3_maze_world/model.sdf
-- Symlinking: /home/qhuy/Documents/CD2/Autonomous-Maze-Solving-Turtlebot3-Simulation/install/autonomous_tb3/share/ament_index/resource_index/package_run_dependencies/autonomous_tb3
-- Symlinking: /home/qhuy/Documents/CD2/Autonomous-Maze-Solving-Turtlebot3-Simulation/install/autonomous_tb3/share/ament_index/resource_index/parent_prefix_path/autonomous_tb3
-- Symlinking: /home/qhuy/Documents/CD2/Autonomous-Maze-Solving-Turtlebot3-Simulation/install/autonomous_tb3/share/autonomous_tb3/environment/ament_prefix_path.sh
-- Symlinking: /home/qhuy/Documents/CD2/Autonomous-Maze-Solving-Turtlebot3-Simulation/install/autonomous_tb3/share/autonomous_tb3/environment/ament_prefix_path.dsv
-- Symlinking: /home/qhuy/Documents/CD2/Autonomous-Maze-Solving-Turtlebot3-Simulation/install/autonomous_tb3/share/autonomous_tb3/environment/path.sh
-- Symlinking: /home/qhuy/Documents/CD2/Autonomous-Maze-Solving-Turtlebot3-Simulation/install/autonomous_tb3/share/autonomous_tb3/environment/path.dsv
-- Symlinking: /home/qhuy/Documents/CD2/Autonomous-Maze-Solving-Turtlebot3-Simulation/install/autonomous_tb3/share/autonomous_tb3/local_setup.bash
-- Symlinking: /home/qhuy/Documents/CD2/Autonomous-Maze-Solving-Turtlebot3-Simulation/install/autonomous_tb3/share/autonomous_tb3/local_setup.sh
-- Symlinking: /home/qhuy/Documents/CD2/Autonomous-Maze-Solving-Turtlebot3-Simulation/install/autonomous_tb3/share/autonomous_tb3/local_setup.zsh
-- Symlinking: /home/qhuy/Documents/CD2/Autonomous-Maze-Solving-Turtlebot3-Simulation/install/autonomous_tb3/share/autonomous_tb3/local_setup.dsv
-- Symlinking: /home/qhuy/Documents/CD2/Autonomous-Maze-Solving-Turtlebot3-Simulation/install/autonomous_tb3/share/autonomous_tb3/package.dsv
-- Symlinking: /home/qhuy/Documents/CD2/Autonomous-Maze-Solving-Turtlebot3-Simulation/install/autonomous_tb3/share/ament_index/resource_index/packages/autonomous_tb3
-- Symlinking: /home/qhuy/Documents/CD2/Autonomous-Maze-Solving-Turtlebot3-Simulation/install/autonomous_tb3/share/autonomous_tb3/cmake/autonomous_tb3Config.cmake
-- Symlinking: /home/qhuy/Documents/CD2/Autonomous-Maze-Solving-Turtlebot3-Simulation/install/autonomous_tb3/share/autonomous_tb3/cmake/autonomous_tb3Config-version.cmake
-- Symlinking: /home/qhuy/Documents/CD2/Autonomous-Maze-Solving-Turtlebot3-Simulation/install/autonomous_tb3/share/autonomous_tb3/package.xml
Listing '/home/qhuy/Documents/CD2/Autonomous-Maze-Solving-Turtlebot3-Simulation/install/autonomous_tb3/local/lib/python3.10/dist-packages/script'...
Compiling '/home/qhuy/Documents/CD2/Autonomous-Maze-Solving-Turtlebot3-Simulation/install/autonomous_tb3/local/lib/python3.10/dist-packages/script/__init__.py'...
Compiling '/home/qhuy/Documents/CD2/Autonomous-Maze-Solving-Turtlebot3-Simulation/install/autonomous_tb3/local/lib/python3.10/dist-packages/script/entity_spawner.py'...
Compiling '/home/qhuy/Documents/CD2/Autonomous-Maze-Solving-Turtlebot3-Simulation/install/autonomous_tb3/local/lib/python3.10/dist-packages/script/maze_solver.py'...
Compiling '/home/qhuy/Documents/CD2/Autonomous-Maze-Solving-Turtlebot3-Simulation/install/autonomous_tb3/local/lib/python3.10/dist-packages/script/occupancy_grid_pub.py'...
