[0.008s] Invoking command in '/home/qhuy/Documents/CD2/Autonomous-Maze-Solving-Turtlebot3-Simulation/build/autonomous_tb3': CMAKE_PREFIX_PATH=/opt/ros/humble DEBUGINFOD_URLS=https://debuginfod.archlinux.org https://debuginfod.cachyos.org /usr/bin/cmake /home/qhuy/Documents/CD2/Autonomous-Maze-Solving-Turtlebot3-Simulation/src/autonomous_tb3 -DAMENT_CMAKE_SYMLINK_INSTALL=1 -DCMAKE_INSTALL_PREFIX=/home/qhuy/Documents/CD2/Autonomous-Maze-Solving-Turtlebot3-Simulation/install/autonomous_tb3
[0.053s] -- The C compiler identification is GNU 11.4.0
[0.089s] -- The CXX compiler identification is GNU 11.4.0
[0.093s] -- Detecting C compiler ABI info
[0.137s] -- Detecting C compiler ABI info - done
[0.143s] -- Check for working C compiler: /usr/bin/cc - skipped
[0.143s] -- Detecting C compile features
[0.143s] -- Detecting C compile features - done
[0.145s] -- Detecting CXX compiler ABI info
[0.195s] -- Detecting CXX compiler ABI info - done
[0.201s] -- Check for working CXX compiler: /usr/bin/c++ - skipped
[0.201s] -- Detecting CXX compile features
[0.201s] -- Detecting CXX compile features - done
[0.203s] -- Found ament_cmake: 1.3.14 (/opt/ros/humble/share/ament_cmake/cmake)
[0.320s] -- Found Python3: /usr/bin/python3 (found version "3.10.12") found components: Interpreter 
[0.371s] -- Override CMake install command with custom implementation using symlinks instead of copying resources
[0.393s] -- Found rclpy: 3.3.21 (/opt/ros/humble/share/rclpy/cmake)
[0.394s] -- Found nav_msgs: 4.9.1 (/opt/ros/humble/share/nav_msgs/cmake)
[0.432s] -- Found rosidl_generator_c: 3.1.8 (/opt/ros/humble/share/rosidl_generator_c/cmake)
[0.436s] -- Found rosidl_adapter: 3.1.8 (/opt/ros/humble/share/rosidl_adapter/cmake)
[0.443s] -- Found rosidl_generator_cpp: 3.1.8 (/opt/ros/humble/share/rosidl_generator_cpp/cmake)
[0.452s] -- Using all available rosidl_typesupport_c: rosidl_typesupport_fastrtps_c;rosidl_typesupport_introspection_c
[0.465s] -- Using all available rosidl_typesupport_cpp: rosidl_typesupport_fastrtps_cpp;rosidl_typesupport_introspection_cpp
[0.569s] -- Found ament_lint_auto: 0.12.15 (/opt/ros/humble/share/ament_lint_auto/cmake)
[0.622s] -- Added test 'flake8' to check Python code syntax and style conventions
[0.622s] -- Added test 'lint_cmake' to check CMake code style
[0.622s] -- Added test 'pep257' to check Python code against some of the docstring style conventions in PEP 257
[0.623s] -- Added test 'xmllint' to check XML markup files
[0.624s] -- Configuring done
[0.626s] -- Generating done
[0.628s] -- Build files have been written to: /home/qhuy/Documents/CD2/Autonomous-Maze-Solving-Turtlebot3-Simulation/build/autonomous_tb3
[0.633s] Invoked command in '/home/qhuy/Documents/CD2/Autonomous-Maze-Solving-Turtlebot3-Simulation/build/autonomous_tb3' returned '0': CMAKE_PREFIX_PATH=/opt/ros/humble DEBUGINFOD_URLS=https://debuginfod.archlinux.org https://debuginfod.cachyos.org /usr/bin/cmake /home/qhuy/Documents/CD2/Autonomous-Maze-Solving-Turtlebot3-Simulation/src/autonomous_tb3 -DAMENT_CMAKE_SYMLINK_INSTALL=1 -DCMAKE_INSTALL_PREFIX=/home/qhuy/Documents/CD2/Autonomous-Maze-Solving-Turtlebot3-Simulation/install/autonomous_tb3
[0.634s] Invoking command in '/home/qhuy/Documents/CD2/Autonomous-Maze-Solving-Turtlebot3-Simulation/build/autonomous_tb3': CMAKE_PREFIX_PATH=/opt/ros/humble DEBUGINFOD_URLS=https://debuginfod.archlinux.org https://debuginfod.cachyos.org /usr/bin/cmake --build /home/qhuy/Documents/CD2/Autonomous-Maze-Solving-Turtlebot3-Simulation/build/autonomous_tb3 -- -j16 -l16
[0.668s] Built target ament_cmake_python_symlink_script
[0.867s] running egg_info
[0.867s] creating script.egg-info
[0.867s] writing script.egg-info/PKG-INFO
[0.867s] writing dependency_links to script.egg-info/dependency_links.txt
[0.867s] writing top-level names to script.egg-info/top_level.txt
[0.868s] writing manifest file 'script.egg-info/SOURCES.txt'
[0.870s] reading manifest file 'script.egg-info/SOURCES.txt'
[0.870s] writing manifest file 'script.egg-info/SOURCES.txt'
[0.892s] Built target ament_cmake_python_build_script_egg
[0.899s] Invoked command in '/home/qhuy/Documents/CD2/Autonomous-Maze-Solving-Turtlebot3-Simulation/build/autonomous_tb3' returned '0': CMAKE_PREFIX_PATH=/opt/ros/humble DEBUGINFOD_URLS=https://debuginfod.archlinux.org https://debuginfod.cachyos.org /usr/bin/cmake --build /home/qhuy/Documents/CD2/Autonomous-Maze-Solving-Turtlebot3-Simulation/build/autonomous_tb3 -- -j16 -l16
[0.906s] Invoking command in '/home/qhuy/Documents/CD2/Autonomous-Maze-Solving-Turtlebot3-Simulation/build/autonomous_tb3': CMAKE_PREFIX_PATH=/opt/ros/humble DEBUGINFOD_URLS=https://debuginfod.archlinux.org https://debuginfod.cachyos.org /usr/bin/cmake --install /home/qhuy/Documents/CD2/Autonomous-Maze-Solving-Turtlebot3-Simulation/build/autonomous_tb3
[0.911s] -- Install configuration: ""
[0.911s] -- Execute custom install script
[0.912s] -- Symlinking: /home/qhuy/Documents/CD2/Autonomous-Maze-Solving-Turtlebot3-Simulation/install/autonomous_tb3/share/autonomous_tb3/environment/pythonpath.sh
[0.917s] -- Symlinking: /home/qhuy/Documents/CD2/Autonomous-Maze-Solving-Turtlebot3-Simulation/install/autonomous_tb3/share/autonomous_tb3/environment/pythonpath.dsv
[0.922s] -- Symlinking: /home/qhuy/Documents/CD2/Autonomous-Maze-Solving-Turtlebot3-Simulation/install/autonomous_tb3/local/lib/python3.10/dist-packages/script-0.0.0-py3.10.egg-info/PKG-INFO
[0.927s] -- Symlinking: /home/qhuy/Documents/CD2/Autonomous-Maze-Solving-Turtlebot3-Simulation/install/autonomous_tb3/local/lib/python3.10/dist-packages/script-0.0.0-py3.10.egg-info/SOURCES.txt
[0.931s] -- Symlinking: /home/qhuy/Documents/CD2/Autonomous-Maze-Solving-Turtlebot3-Simulation/install/autonomous_tb3/local/lib/python3.10/dist-packages/script-0.0.0-py3.10.egg-info/dependency_links.txt
[0.936s] -- Symlinking: /home/qhuy/Documents/CD2/Autonomous-Maze-Solving-Turtlebot3-Simulation/install/autonomous_tb3/local/lib/python3.10/dist-packages/script-0.0.0-py3.10.egg-info/top_level.txt
[0.942s] -- Symlinking: /home/qhuy/Documents/CD2/Autonomous-Maze-Solving-Turtlebot3-Simulation/install/autonomous_tb3/local/lib/python3.10/dist-packages/script/__init__.py
[0.947s] -- Symlinking: /home/qhuy/Documents/CD2/Autonomous-Maze-Solving-Turtlebot3-Simulation/install/autonomous_tb3/local/lib/python3.10/dist-packages/script/entity_spawner.py
[0.952s] -- Symlinking: /home/qhuy/Documents/CD2/Autonomous-Maze-Solving-Turtlebot3-Simulation/install/autonomous_tb3/local/lib/python3.10/dist-packages/script/maze_solver.py
[0.958s] -- Symlinking: /home/qhuy/Documents/CD2/Autonomous-Maze-Solving-Turtlebot3-Simulation/install/autonomous_tb3/local/lib/python3.10/dist-packages/script/occupancy_grid_pub.py
[0.964s] -- Symlinking: /home/qhuy/Documents/CD2/Autonomous-Maze-Solving-Turtlebot3-Simulation/install/autonomous_tb3/lib/autonomous_tb3/occupancy_grid_pub.py
[0.970s] -- Symlinking: /home/qhuy/Documents/CD2/Autonomous-Maze-Solving-Turtlebot3-Simulation/install/autonomous_tb3/lib/autonomous_tb3/entity_spawner.py
[0.976s] -- Symlinking: /home/qhuy/Documents/CD2/Autonomous-Maze-Solving-Turtlebot3-Simulation/install/autonomous_tb3/lib/autonomous_tb3/maze_solver.py
[0.983s] -- Symlinking: /home/qhuy/Documents/CD2/Autonomous-Maze-Solving-Turtlebot3-Simulation/install/autonomous_tb3/share/autonomous_tb3//config/maze_map.pgm
[0.989s] -- Symlinking: /home/qhuy/Documents/CD2/Autonomous-Maze-Solving-Turtlebot3-Simulation/install/autonomous_tb3/share/autonomous_tb3//config/maze_map.yaml
[0.995s] -- Symlinking: /home/qhuy/Documents/CD2/Autonomous-Maze-Solving-Turtlebot3-Simulation/install/autonomous_tb3/share/autonomous_tb3//config/tb3_nav.rviz
[1.001s] -- Symlinking: /home/qhuy/Documents/CD2/Autonomous-Maze-Solving-Turtlebot3-Simulation/install/autonomous_tb3/share/autonomous_tb3//config/tb3_nav_params.yaml
[1.008s] -- Symlinking: /home/qhuy/Documents/CD2/Autonomous-Maze-Solving-Turtlebot3-Simulation/install/autonomous_tb3/share/autonomous_tb3//config/tb3_world_2d_map.pgm
[1.014s] -- Symlinking: /home/qhuy/Documents/CD2/Autonomous-Maze-Solving-Turtlebot3-Simulation/install/autonomous_tb3/share/autonomous_tb3//config/tb3_world_2d_map.yaml
[1.020s] -- Symlinking: /home/qhuy/Documents/CD2/Autonomous-Maze-Solving-Turtlebot3-Simulation/install/autonomous_tb3/share/autonomous_tb3//config/turtlebot3_cartographer.lua
[1.026s] -- Symlinking: /home/qhuy/Documents/CD2/Autonomous-Maze-Solving-Turtlebot3-Simulation/install/autonomous_tb3/share/autonomous_tb3//launch/mapping.launch.py
[1.031s] -- Symlinking: /home/qhuy/Documents/CD2/Autonomous-Maze-Solving-Turtlebot3-Simulation/install/autonomous_tb3/share/autonomous_tb3//launch/navigation.launch.py
[1.036s] -- Symlinking: /home/qhuy/Documents/CD2/Autonomous-Maze-Solving-Turtlebot3-Simulation/install/autonomous_tb3/share/autonomous_tb3//launch/tb3_maze_navigation.launch.py
[1.041s] -- Symlinking: /home/qhuy/Documents/CD2/Autonomous-Maze-Solving-Turtlebot3-Simulation/install/autonomous_tb3/share/autonomous_tb3//worlds/tb3_maze_world/model.config
[1.046s] -- Symlinking: /home/qhuy/Documents/CD2/Autonomous-Maze-Solving-Turtlebot3-Simulation/install/autonomous_tb3/share/autonomous_tb3//worlds/tb3_maze_world/model.sdf
[1.052s] -- Symlinking: /home/qhuy/Documents/CD2/Autonomous-Maze-Solving-Turtlebot3-Simulation/install/autonomous_tb3/share/ament_index/resource_index/package_run_dependencies/autonomous_tb3
[1.057s] -- Symlinking: /home/qhuy/Documents/CD2/Autonomous-Maze-Solving-Turtlebot3-Simulation/install/autonomous_tb3/share/ament_index/resource_index/parent_prefix_path/autonomous_tb3
[1.062s] -- Symlinking: /home/qhuy/Documents/CD2/Autonomous-Maze-Solving-Turtlebot3-Simulation/install/autonomous_tb3/share/autonomous_tb3/environment/ament_prefix_path.sh
[1.067s] -- Symlinking: /home/qhuy/Documents/CD2/Autonomous-Maze-Solving-Turtlebot3-Simulation/install/autonomous_tb3/share/autonomous_tb3/environment/ament_prefix_path.dsv
[1.072s] -- Symlinking: /home/qhuy/Documents/CD2/Autonomous-Maze-Solving-Turtlebot3-Simulation/install/autonomous_tb3/share/autonomous_tb3/environment/path.sh
[1.077s] -- Symlinking: /home/qhuy/Documents/CD2/Autonomous-Maze-Solving-Turtlebot3-Simulation/install/autonomous_tb3/share/autonomous_tb3/environment/path.dsv
[1.082s] -- Symlinking: /home/qhuy/Documents/CD2/Autonomous-Maze-Solving-Turtlebot3-Simulation/install/autonomous_tb3/share/autonomous_tb3/local_setup.bash
[1.087s] -- Symlinking: /home/qhuy/Documents/CD2/Autonomous-Maze-Solving-Turtlebot3-Simulation/install/autonomous_tb3/share/autonomous_tb3/local_setup.sh
[1.092s] -- Symlinking: /home/qhuy/Documents/CD2/Autonomous-Maze-Solving-Turtlebot3-Simulation/install/autonomous_tb3/share/autonomous_tb3/local_setup.zsh
[1.096s] -- Symlinking: /home/qhuy/Documents/CD2/Autonomous-Maze-Solving-Turtlebot3-Simulation/install/autonomous_tb3/share/autonomous_tb3/local_setup.dsv
[1.101s] -- Symlinking: /home/qhuy/Documents/CD2/Autonomous-Maze-Solving-Turtlebot3-Simulation/install/autonomous_tb3/share/autonomous_tb3/package.dsv
[1.107s] -- Symlinking: /home/qhuy/Documents/CD2/Autonomous-Maze-Solving-Turtlebot3-Simulation/install/autonomous_tb3/share/ament_index/resource_index/packages/autonomous_tb3
[1.112s] -- Symlinking: /home/qhuy/Documents/CD2/Autonomous-Maze-Solving-Turtlebot3-Simulation/install/autonomous_tb3/share/autonomous_tb3/cmake/autonomous_tb3Config.cmake
[1.117s] -- Symlinking: /home/qhuy/Documents/CD2/Autonomous-Maze-Solving-Turtlebot3-Simulation/install/autonomous_tb3/share/autonomous_tb3/cmake/autonomous_tb3Config-version.cmake
[1.122s] -- Symlinking: /home/qhuy/Documents/CD2/Autonomous-Maze-Solving-Turtlebot3-Simulation/install/autonomous_tb3/share/autonomous_tb3/package.xml
[1.153s] Listing '/home/qhuy/Documents/CD2/Autonomous-Maze-Solving-Turtlebot3-Simulation/install/autonomous_tb3/local/lib/python3.10/dist-packages/script'...
[1.153s] Compiling '/home/qhuy/Documents/CD2/Autonomous-Maze-Solving-Turtlebot3-Simulation/install/autonomous_tb3/local/lib/python3.10/dist-packages/script/__init__.py'...
[1.153s] Compiling '/home/qhuy/Documents/CD2/Autonomous-Maze-Solving-Turtlebot3-Simulation/install/autonomous_tb3/local/lib/python3.10/dist-packages/script/entity_spawner.py'...
[1.153s] Compiling '/home/qhuy/Documents/CD2/Autonomous-Maze-Solving-Turtlebot3-Simulation/install/autonomous_tb3/local/lib/python3.10/dist-packages/script/maze_solver.py'...
[1.153s] Compiling '/home/qhuy/Documents/CD2/Autonomous-Maze-Solving-Turtlebot3-Simulation/install/autonomous_tb3/local/lib/python3.10/dist-packages/script/occupancy_grid_pub.py'...
[1.159s] Invoked command in '/home/qhuy/Documents/CD2/Autonomous-Maze-Solving-Turtlebot3-Simulation/build/autonomous_tb3' returned '0': CMAKE_PREFIX_PATH=/opt/ros/humble DEBUGINFOD_URLS=https://debuginfod.archlinux.org https://debuginfod.cachyos.org /usr/bin/cmake --install /home/qhuy/Documents/CD2/Autonomous-Maze-Solving-Turtlebot3-Simulation/build/autonomous_tb3
