[0.000000] (-) TimerEvent: {}
[0.000377] (autonomous_tb3) JobQueued: {'identifier': 'autonomous_tb3', 'dependencies': OrderedDict()}
[0.000482] (autonomous_tb3) JobStarted: {'identifier': 'autonomous_tb3'}
[0.007227] (autonomous_tb3) JobProgress: {'identifier': 'autonomous_tb3', 'progress': 'cmake'}
[0.007491] (autonomous_tb3) Command: {'cmd': ['/usr/bin/cmake', '/home/qhuy/Documents/CD2/Autonomous-Maze-Solving-Turtlebot3-Simulation/src/autonomous_tb3', '-DAMENT_CMAKE_SYMLINK_INSTALL=1', '-DCMAKE_INSTALL_PREFIX=/home/qhuy/Documents/CD2/Autonomous-Maze-Solving-Turtlebot3-Simulation/install/autonomous_tb3'], 'cwd': '/home/qhuy/Documents/CD2/Autonomous-Maze-Solving-Turtlebot3-Simulation/build/autonomous_tb3', 'env': OrderedDict([('XDG_ACTIVATION_TOKEN', 'kwin-36'), ('KDE_FULL_SESSION', 'true'), ('MAIL', '/var/spool/mail/qhuy'), ('USER', 'qhuy'), ('PAM_KWALLET5_LOGIN', '/run/user/1000/kwallet5.socket'), ('LC_TIME', 'vi_VN'), ('STARSHIP_SHELL', 'fish'), ('HOSTNAME', 'wuochuy'), ('XDG_SESSION_TYPE', 'wayland'), ('FZF_CTRL_T_COMMAND', 'fd --type f --hidden --follow --exclude .git --exclude node_modules'), ('FZF_DEFAULT_OPTS', "--style=full --height=70% --layout=reverse --border=rounded --info=inline-right --prompt='❯ ' --pointer='▶' --marker='✓' --color=fg:#cdd6f4,bg:,hl:#cba6f7 --color=fg+:#cdd6f4,bg+:#313244,hl+:#cba6f7:bold:underline --color=info:#f9e2af,prompt:#89b4fa,pointer:#f38ba8 --color=marker:#f38ba8,spinner:#f38ba8,header:#fab387 --color=gutter:#1e1e2e,border:#89b4fa,preview-bg:"), ('XDG_CACHE_HOME', '/home/qhuy/.cache'), ('QT_WAYLAND_RECONNECT', '1'), ('SHLVL', '5'), ('LD_LIBRARY_PATH', '/usr/lib/x86_64-linux-gnu/gazebo-11/plugins:/opt/ros/humble/opt/rviz_ogre_vendor/lib:/opt/ros/humble/lib/x86_64-linux-gnu:/opt/ros/humble/lib'), ('LESS', '-R'), ('MOTD_SHOWN', 'pam'), ('HOME', '/home/qhuy'), ('KDE_APPLICATIONS_AS_SCOPE', '1'), ('TERM_PROGRAM_VERSION', '20240203-110809-5046fc22'), ('DESKTOP_SESSION', 'plasma'), ('ROS_PYTHON_VERSION', '3'), ('GTK_RC_FILES', '/etc/gtk/gtkrc:/home/qhuy/.gtkrc:/home/qhuy/.config/gtkrc'), ('KDE_SESSION_VERSION', '6'), ('PAGER', 'less'), ('LC_MONETARY', 'vi_VN'), ('MANAGERPID', '1403'), ('DISTROBOX_ENTER_PATH', '/usr/bin/distrobox-enter'), ('SYSTEMD_EXEC_PID', '1679'), ('VISUAL', 'micro'), ('XDG_STATE_HOME', '/home/qhuy/.local/state'), ('DBUS_SESSION_BUS_ADDRESS', 'unix:path=/run/user/1000/bus'), ('COLORTERM', 'truecolor'), ('container', 'docker'), ('FZF_CTRL_R_OPTS', "--no-sort --exact --height=16 --border=rounded --prompt='History ❯ ' --delimiter=' │ ' --with-nth=2.."), ('NVM_DIR', '/home/qhuy/.nvm'), ('DEBUGINFOD_URLS', 'https://debuginfod.archlinux.org https://debuginfod.cachyos.org'), ('WEZTERM_EXECUTABLE', '/usr/bin/wezterm-gui'), ('WAYLAND_DISPLAY', 'wayland-0'), ('XKB_DEFAULT_LAYOUT', 'us'), ('FZF_CTRL_T_OPTS', "--preview 'bat --color=always --style=numbers --line-range=:500 {}' --preview-window=right:60%:border-left:wrap --bind 'ctrl-/:change-preview-window(down|hidden|)'"), ('ROS_DISTRO', 'humble'), ('LOGNAME', 'qhuy'), ('MANAGERPIDFDID', '12444'), ('JOURNAL_STREAM', '10:29762'), ('_', '/usr/bin/colcon'), ('ROS_VERSION', '2'), ('MEMORY_PRESSURE_WATCH', '/sys/fs/cgroup/user.slice/user-1000.slice/user@1000.service/session.slice/plasma-plasmashell.service/memory.pressure'), ('XDG_SESSION_CLASS', 'user'), ('TERMINFO_DIRS', '/usr/share/terminfo:/run/host/usr/share/terminfo'), ('TERM', 'xterm-256color'), ('XDG_SESSION_ID', '2'), ('WEZTERM_CONFIG_FILE', '/home/qhuy/.config/wezterm/wezterm.lua'), ('ROS_LOCALHOST_ONLY', '0'), ('GTK2_RC_FILES', '/etc/gtk-2.0/gtkrc:/home/qhuy/.gtkrc-2.0:/home/qhuy/.config/gtkrc-2.0'), ('FZF_ALT_C_COMMAND', 'fd --type d --hidden --follow --exclude .git --exclude node_modules'), ('WEZTERM_EXECUTABLE_DIR', '/usr/bin'), ('PATH', '/opt/ros/humble/bin:/home/qhuy/.npm-global/bin:/home/hogiabao/.bun/bin:/home/hogiabao/.local/bin:/home/hogiabao/go/bin:/usr/local/bin:/usr/bin:/usr/lib/jvm/default/bin:/usr/bin/site_perl:/usr/bin/vendor_perl:/usr/bin/core_perl:/usr/local/sbin:/usr/sbin:/usr/local/bin:/usr/bin:/sbin:/bin:/usr/local/sbin:/usr/sbin:/sbin:/bin:/usr/local/games:/usr/games:/usr/lib/jvm/java-11-openjdk-amd64/bin'), ('SESSION_MANAGER', 'local/wuochuy:@/tmp/.ICE-unix/1639,unix/wuochuy:/tmp/.ICE-unix/1639'), ('INVOCATION_ID', 'e298410d18f4441bbe5866be77110bcb'), ('XDG_SESSION_PATH', '/org/freedesktop/DisplayManager/Session1'), ('XDG_MENU_PREFIX', 'plasma-'), ('LC_ADDRESS', 'vi_VN'), ('XDG_RUNTIME_DIR', '/run/user/1000'), ('ICEAUTHORITY', '/run/user/1000/iceauth_JPHopU'), ('DISPLAY', ':0'), ('LANG', 'en_US.UTF-8'), ('XDG_CURRENT_DESKTOP', 'KDE'), ('LC_TELEPHONE', 'vi_VN'), ('XDG_DATA_HOME', '/home/qhuy/.local/share'), ('XDG_CONFIG_HOME', '/home/qhuy/.config'), ('XDG_SESSION_DESKTOP', 'KDE'), ('XAUTHORITY', '/run/user/1000/xauth_Baxyyc'), ('TERM_PROGRAM', 'WezTerm'), ('AMENT_PREFIX_PATH', '/opt/ros/humble'), ('CUDA_DISABLE_PERF_BOOST', '1'), ('UID', '1000'), ('SHELL', '/usr/bin/fish'), ('LC_NAME', 'vi_VN'), ('GOPATH', '/home/qhuy/go'), ('FZF_ALT_C_OPTS', "--preview 'eza --tree --level=2 --icons --color=always {}' --preview-window=right:50%:border-left --bind 'ctrl-/:change-preview-window(down|hidden|)'"), ('LC_MEASUREMENT', 'vi_VN'), ('LC_IDENTIFICATION', 'vi_VN'), ('WEZTERM_CONFIG_DIR', '/home/qhuy/.config/wezterm'), ('JAVA_HOME', '/usr/lib/jvm/java-11-openjdk-amd64'), ('PWD', '/home/qhuy/Documents/CD2/Autonomous-Maze-Solving-Turtlebot3-Simulation/build/autonomous_tb3'), ('FZF_DEFAULT_COMMAND', 'fd --type f --hidden --follow --exclude .git --exclude node_modules'), ('CONTAINER_ID', 'ros_box'), ('LC_ALL', 'en_US.UTF-8'), ('XDG_CONFIG_DIRS', '/home/qhuy/.config/kdedefaults:/etc/xdg'), ('EUID', '1000'), ('NVM_CD_FLAGS', ''), ('XDG_DATA_DIRS', '/usr/local/share:/usr/share'), ('WEZTERM_UNIX_SOCKET', '/run/user/1000/wezterm/gui-sock-11407'), ('STARSHIP_SESSION_KEY', '5584182851292190'), ('PYTHONPATH', '/opt/ros/humble/lib/python3.10/site-packages:/opt/ros/humble/local/lib/python3.10/dist-packages'), ('LC_NUMERIC', 'vi_VN'), ('LC_PAPER', 'vi_VN'), ('KDE_SESSION_UID', '1000'), ('WEZTERM_PANE', '3'), ('COLCON', '1'), ('MEMORY_PRESSURE_WRITE', 'c29tZSAyMDAwMDAgMjAwMDAwMAA='), ('NVM_RC_VERSION', ''), ('EDITOR', 'micro'), ('CMAKE_PREFIX_PATH', '/opt/ros/humble')]), 'shell': False}
[0.052979] (autonomous_tb3) StdoutLine: {'line': b'-- The C compiler identification is GNU 11.4.0\n'}
[0.089146] (autonomous_tb3) StdoutLine: {'line': b'-- The CXX compiler identification is GNU 11.4.0\n'}
[0.093798] (autonomous_tb3) StdoutLine: {'line': b'-- Detecting C compiler ABI info\n'}
[0.099726] (-) TimerEvent: {}
[0.137924] (autonomous_tb3) StdoutLine: {'line': b'-- Detecting C compiler ABI info - done\n'}
[0.143192] (autonomous_tb3) StdoutLine: {'line': b'-- Check for working C compiler: /usr/bin/cc - skipped\n'}
[0.143427] (autonomous_tb3) StdoutLine: {'line': b'-- Detecting C compile features\n'}
[0.143603] (autonomous_tb3) StdoutLine: {'line': b'-- Detecting C compile features - done\n'}
[0.145729] (autonomous_tb3) StdoutLine: {'line': b'-- Detecting CXX compiler ABI info\n'}
[0.195794] (autonomous_tb3) StdoutLine: {'line': b'-- Detecting CXX compiler ABI info - done\n'}
[0.199809] (-) TimerEvent: {}
[0.201135] (autonomous_tb3) StdoutLine: {'line': b'-- Check for working CXX compiler: /usr/bin/c++ - skipped\n'}
[0.201309] (autonomous_tb3) StdoutLine: {'line': b'-- Detecting CXX compile features\n'}
[0.201657] (autonomous_tb3) StdoutLine: {'line': b'-- Detecting CXX compile features - done\n'}
[0.203632] (autonomous_tb3) StdoutLine: {'line': b'-- Found ament_cmake: 1.3.14 (/opt/ros/humble/share/ament_cmake/cmake)\n'}
[0.299902] (-) TimerEvent: {}
[0.320356] (autonomous_tb3) StdoutLine: {'line': b'-- Found Python3: /usr/bin/python3 (found version "3.10.12") found components: Interpreter \n'}
[0.371334] (autonomous_tb3) StdoutLine: {'line': b'-- Override CMake install command with custom implementation using symlinks instead of copying resources\n'}
[0.393774] (autonomous_tb3) StdoutLine: {'line': b'-- Found rclpy: 3.3.21 (/opt/ros/humble/share/rclpy/cmake)\n'}
[0.394044] (autonomous_tb3) StdoutLine: {'line': b'-- Found nav_msgs: 4.9.1 (/opt/ros/humble/share/nav_msgs/cmake)\n'}
[0.400023] (-) TimerEvent: {}
[0.432392] (autonomous_tb3) StdoutLine: {'line': b'-- Found rosidl_generator_c: 3.1.8 (/opt/ros/humble/share/rosidl_generator_c/cmake)\n'}
[0.436264] (autonomous_tb3) StdoutLine: {'line': b'-- Found rosidl_adapter: 3.1.8 (/opt/ros/humble/share/rosidl_adapter/cmake)\n'}
[0.443349] (autonomous_tb3) StdoutLine: {'line': b'-- Found rosidl_generator_cpp: 3.1.8 (/opt/ros/humble/share/rosidl_generator_cpp/cmake)\n'}
[0.452873] (autonomous_tb3) StdoutLine: {'line': b'-- Using all available rosidl_typesupport_c: rosidl_typesupport_fastrtps_c;rosidl_typesupport_introspection_c\n'}
[0.465156] (autonomous_tb3) StdoutLine: {'line': b'-- Using all available rosidl_typesupport_cpp: rosidl_typesupport_fastrtps_cpp;rosidl_typesupport_introspection_cpp\n'}
[0.500113] (-) TimerEvent: {}
[0.569645] (autonomous_tb3) StdoutLine: {'line': b'-- Found ament_lint_auto: 0.12.15 (/opt/ros/humble/share/ament_lint_auto/cmake)\n'}
[0.600222] (-) TimerEvent: {}
[0.621987] (autonomous_tb3) StdoutLine: {'line': b"-- Added test 'flake8' to check Python code syntax and style conventions\n"}
[0.622275] (autonomous_tb3) StdoutLine: {'line': b"-- Added test 'lint_cmake' to check CMake code style\n"}
[0.622563] (autonomous_tb3) StdoutLine: {'line': b"-- Added test 'pep257' to check Python code against some of the docstring style conventions in PEP 257\n"}
[0.623277] (autonomous_tb3) StdoutLine: {'line': b"-- Added test 'xmllint' to check XML markup files\n"}
[0.624112] (autonomous_tb3) StdoutLine: {'line': b'-- Configuring done\n'}
[0.626919] (autonomous_tb3) StdoutLine: {'line': b'-- Generating done\n'}
[0.628272] (autonomous_tb3) StdoutLine: {'line': b'-- Build files have been written to: /home/qhuy/Documents/CD2/Autonomous-Maze-Solving-Turtlebot3-Simulation/build/autonomous_tb3\n'}
[0.633223] (autonomous_tb3) CommandEnded: {'returncode': 0}
[0.633708] (autonomous_tb3) JobProgress: {'identifier': 'autonomous_tb3', 'progress': 'build'}
[0.634161] (autonomous_tb3) Command: {'cmd': ['/usr/bin/cmake', '--build', '/home/qhuy/Documents/CD2/Autonomous-Maze-Solving-Turtlebot3-Simulation/build/autonomous_tb3', '--', '-j16', '-l16'], 'cwd': '/home/qhuy/Documents/CD2/Autonomous-Maze-Solving-Turtlebot3-Simulation/build/autonomous_tb3', 'env': OrderedDict([('XDG_ACTIVATION_TOKEN', 'kwin-36'), ('KDE_FULL_SESSION', 'true'), ('MAIL', '/var/spool/mail/qhuy'), ('USER', 'qhuy'), ('PAM_KWALLET5_LOGIN', '/run/user/1000/kwallet5.socket'), ('LC_TIME', 'vi_VN'), ('STARSHIP_SHELL', 'fish'), ('HOSTNAME', 'wuochuy'), ('XDG_SESSION_TYPE', 'wayland'), ('FZF_CTRL_T_COMMAND', 'fd --type f --hidden --follow --exclude .git --exclude node_modules'), ('FZF_DEFAULT_OPTS', "--style=full --height=70% --layout=reverse --border=rounded --info=inline-right --prompt='❯ ' --pointer='▶' --marker='✓' --color=fg:#cdd6f4,bg:,hl:#cba6f7 --color=fg+:#cdd6f4,bg+:#313244,hl+:#cba6f7:bold:underline --color=info:#f9e2af,prompt:#89b4fa,pointer:#f38ba8 --color=marker:#f38ba8,spinner:#f38ba8,header:#fab387 --color=gutter:#1e1e2e,border:#89b4fa,preview-bg:"), ('XDG_CACHE_HOME', '/home/qhuy/.cache'), ('QT_WAYLAND_RECONNECT', '1'), ('SHLVL', '5'), ('LD_LIBRARY_PATH', '/usr/lib/x86_64-linux-gnu/gazebo-11/plugins:/opt/ros/humble/opt/rviz_ogre_vendor/lib:/opt/ros/humble/lib/x86_64-linux-gnu:/opt/ros/humble/lib'), ('LESS', '-R'), ('MOTD_SHOWN', 'pam'), ('HOME', '/home/qhuy'), ('KDE_APPLICATIONS_AS_SCOPE', '1'), ('TERM_PROGRAM_VERSION', '20240203-110809-5046fc22'), ('DESKTOP_SESSION', 'plasma'), ('ROS_PYTHON_VERSION', '3'), ('GTK_RC_FILES', '/etc/gtk/gtkrc:/home/qhuy/.gtkrc:/home/qhuy/.config/gtkrc'), ('KDE_SESSION_VERSION', '6'), ('PAGER', 'less'), ('LC_MONETARY', 'vi_VN'), ('MANAGERPID', '1403'), ('DISTROBOX_ENTER_PATH', '/usr/bin/distrobox-enter'), ('SYSTEMD_EXEC_PID', '1679'), ('VISUAL', 'micro'), ('XDG_STATE_HOME', '/home/qhuy/.local/state'), ('DBUS_SESSION_BUS_ADDRESS', 'unix:path=/run/user/1000/bus'), ('COLORTERM', 'truecolor'), ('container', 'docker'), ('FZF_CTRL_R_OPTS', "--no-sort --exact --height=16 --border=rounded --prompt='History ❯ ' --delimiter=' │ ' --with-nth=2.."), ('NVM_DIR', '/home/qhuy/.nvm'), ('DEBUGINFOD_URLS', 'https://debuginfod.archlinux.org https://debuginfod.cachyos.org'), ('WEZTERM_EXECUTABLE', '/usr/bin/wezterm-gui'), ('WAYLAND_DISPLAY', 'wayland-0'), ('XKB_DEFAULT_LAYOUT', 'us'), ('FZF_CTRL_T_OPTS', "--preview 'bat --color=always --style=numbers --line-range=:500 {}' --preview-window=right:60%:border-left:wrap --bind 'ctrl-/:change-preview-window(down|hidden|)'"), ('ROS_DISTRO', 'humble'), ('LOGNAME', 'qhuy'), ('MANAGERPIDFDID', '12444'), ('JOURNAL_STREAM', '10:29762'), ('_', '/usr/bin/colcon'), ('ROS_VERSION', '2'), ('MEMORY_PRESSURE_WATCH', '/sys/fs/cgroup/user.slice/user-1000.slice/user@1000.service/session.slice/plasma-plasmashell.service/memory.pressure'), ('XDG_SESSION_CLASS', 'user'), ('TERMINFO_DIRS', '/usr/share/terminfo:/run/host/usr/share/terminfo'), ('TERM', 'xterm-256color'), ('XDG_SESSION_ID', '2'), ('WEZTERM_CONFIG_FILE', '/home/qhuy/.config/wezterm/wezterm.lua'), ('ROS_LOCALHOST_ONLY', '0'), ('GTK2_RC_FILES', '/etc/gtk-2.0/gtkrc:/home/qhuy/.gtkrc-2.0:/home/qhuy/.config/gtkrc-2.0'), ('FZF_ALT_C_COMMAND', 'fd --type d --hidden --follow --exclude .git --exclude node_modules'), ('WEZTERM_EXECUTABLE_DIR', '/usr/bin'), ('PATH', '/opt/ros/humble/bin:/home/qhuy/.npm-global/bin:/home/hogiabao/.bun/bin:/home/hogiabao/.local/bin:/home/hogiabao/go/bin:/usr/local/bin:/usr/bin:/usr/lib/jvm/default/bin:/usr/bin/site_perl:/usr/bin/vendor_perl:/usr/bin/core_perl:/usr/local/sbin:/usr/sbin:/usr/local/bin:/usr/bin:/sbin:/bin:/usr/local/sbin:/usr/sbin:/sbin:/bin:/usr/local/games:/usr/games:/usr/lib/jvm/java-11-openjdk-amd64/bin'), ('SESSION_MANAGER', 'local/wuochuy:@/tmp/.ICE-unix/1639,unix/wuochuy:/tmp/.ICE-unix/1639'), ('INVOCATION_ID', 'e298410d18f4441bbe5866be77110bcb'), ('XDG_SESSION_PATH', '/org/freedesktop/DisplayManager/Session1'), ('XDG_MENU_PREFIX', 'plasma-'), ('LC_ADDRESS', 'vi_VN'), ('XDG_RUNTIME_DIR', '/run/user/1000'), ('ICEAUTHORITY', '/run/user/1000/iceauth_JPHopU'), ('DISPLAY', ':0'), ('LANG', 'en_US.UTF-8'), ('XDG_CURRENT_DESKTOP', 'KDE'), ('LC_TELEPHONE', 'vi_VN'), ('XDG_DATA_HOME', '/home/qhuy/.local/share'), ('XDG_CONFIG_HOME', '/home/qhuy/.config'), ('XDG_SESSION_DESKTOP', 'KDE'), ('XAUTHORITY', '/run/user/1000/xauth_Baxyyc'), ('TERM_PROGRAM', 'WezTerm'), ('AMENT_PREFIX_PATH', '/opt/ros/humble'), ('CUDA_DISABLE_PERF_BOOST', '1'), ('UID', '1000'), ('SHELL', '/usr/bin/fish'), ('LC_NAME', 'vi_VN'), ('GOPATH', '/home/qhuy/go'), ('FZF_ALT_C_OPTS', "--preview 'eza --tree --level=2 --icons --color=always {}' --preview-window=right:50%:border-left --bind 'ctrl-/:change-preview-window(down|hidden|)'"), ('LC_MEASUREMENT', 'vi_VN'), ('LC_IDENTIFICATION', 'vi_VN'), ('WEZTERM_CONFIG_DIR', '/home/qhuy/.config/wezterm'), ('JAVA_HOME', '/usr/lib/jvm/java-11-openjdk-amd64'), ('PWD', '/home/qhuy/Documents/CD2/Autonomous-Maze-Solving-Turtlebot3-Simulation/build/autonomous_tb3'), ('FZF_DEFAULT_COMMAND', 'fd --type f --hidden --follow --exclude .git --exclude node_modules'), ('CONTAINER_ID', 'ros_box'), ('LC_ALL', 'en_US.UTF-8'), ('XDG_CONFIG_DIRS', '/home/qhuy/.config/kdedefaults:/etc/xdg'), ('EUID', '1000'), ('NVM_CD_FLAGS', ''), ('XDG_DATA_DIRS', '/usr/local/share:/usr/share'), ('WEZTERM_UNIX_SOCKET', '/run/user/1000/wezterm/gui-sock-11407'), ('STARSHIP_SESSION_KEY', '5584182851292190'), ('PYTHONPATH', '/opt/ros/humble/lib/python3.10/site-packages:/opt/ros/humble/local/lib/python3.10/dist-packages'), ('LC_NUMERIC', 'vi_VN'), ('LC_PAPER', 'vi_VN'), ('KDE_SESSION_UID', '1000'), ('WEZTERM_PANE', '3'), ('COLCON', '1'), ('MEMORY_PRESSURE_WRITE', 'c29tZSAyMDAwMDAgMjAwMDAwMAA='), ('NVM_RC_VERSION', ''), ('EDITOR', 'micro'), ('CMAKE_PREFIX_PATH', '/opt/ros/humble')]), 'shell': False}
[0.668157] (autonomous_tb3) StdoutLine: {'line': b'Built target ament_cmake_python_symlink_script\n'}
[0.700337] (-) TimerEvent: {}
[0.800645] (-) TimerEvent: {}
[0.867065] (autonomous_tb3) StdoutLine: {'line': b'running egg_info\n'}
[0.867559] (autonomous_tb3) StdoutLine: {'line': b'creating script.egg-info\n'}
[0.867692] (autonomous_tb3) StdoutLine: {'line': b'writing script.egg-info/PKG-INFO\n'}
[0.867869] (autonomous_tb3) StdoutLine: {'line': b'writing dependency_links to script.egg-info/dependency_links.txt\n'}
[0.867997] (autonomous_tb3) StdoutLine: {'line': b'writing top-level names to script.egg-info/top_level.txt\n'}
[0.868128] (autonomous_tb3) StdoutLine: {'line': b"writing manifest file 'script.egg-info/SOURCES.txt'\n"}
[0.870311] (autonomous_tb3) StdoutLine: {'line': b"reading manifest file 'script.egg-info/SOURCES.txt'\n"}
[0.870791] (autonomous_tb3) StdoutLine: {'line': b"writing manifest file 'script.egg-info/SOURCES.txt'\n"}
[0.892814] (autonomous_tb3) StdoutLine: {'line': b'Built target ament_cmake_python_build_script_egg\n'}
[0.899807] (autonomous_tb3) CommandEnded: {'returncode': 0}
[0.900320] (autonomous_tb3) JobProgress: {'identifier': 'autonomous_tb3', 'progress': 'install'}
[0.900711] (-) TimerEvent: {}
[0.906281] (autonomous_tb3) Command: {'cmd': ['/usr/bin/cmake', '--install', '/home/qhuy/Documents/CD2/Autonomous-Maze-Solving-Turtlebot3-Simulation/build/autonomous_tb3'], 'cwd': '/home/qhuy/Documents/CD2/Autonomous-Maze-Solving-Turtlebot3-Simulation/build/autonomous_tb3', 'env': OrderedDict([('XDG_ACTIVATION_TOKEN', 'kwin-36'), ('KDE_FULL_SESSION', 'true'), ('MAIL', '/var/spool/mail/qhuy'), ('USER', 'qhuy'), ('PAM_KWALLET5_LOGIN', '/run/user/1000/kwallet5.socket'), ('LC_TIME', 'vi_VN'), ('STARSHIP_SHELL', 'fish'), ('HOSTNAME', 'wuochuy'), ('XDG_SESSION_TYPE', 'wayland'), ('FZF_CTRL_T_COMMAND', 'fd --type f --hidden --follow --exclude .git --exclude node_modules'), ('FZF_DEFAULT_OPTS', "--style=full --height=70% --layout=reverse --border=rounded --info=inline-right --prompt='❯ ' --pointer='▶' --marker='✓' --color=fg:#cdd6f4,bg:,hl:#cba6f7 --color=fg+:#cdd6f4,bg+:#313244,hl+:#cba6f7:bold:underline --color=info:#f9e2af,prompt:#89b4fa,pointer:#f38ba8 --color=marker:#f38ba8,spinner:#f38ba8,header:#fab387 --color=gutter:#1e1e2e,border:#89b4fa,preview-bg:"), ('XDG_CACHE_HOME', '/home/qhuy/.cache'), ('QT_WAYLAND_RECONNECT', '1'), ('SHLVL', '5'), ('LD_LIBRARY_PATH', '/usr/lib/x86_64-linux-gnu/gazebo-11/plugins:/opt/ros/humble/opt/rviz_ogre_vendor/lib:/opt/ros/humble/lib/x86_64-linux-gnu:/opt/ros/humble/lib'), ('LESS', '-R'), ('MOTD_SHOWN', 'pam'), ('HOME', '/home/qhuy'), ('KDE_APPLICATIONS_AS_SCOPE', '1'), ('TERM_PROGRAM_VERSION', '20240203-110809-5046fc22'), ('DESKTOP_SESSION', 'plasma'), ('ROS_PYTHON_VERSION', '3'), ('GTK_RC_FILES', '/etc/gtk/gtkrc:/home/qhuy/.gtkrc:/home/qhuy/.config/gtkrc'), ('KDE_SESSION_VERSION', '6'), ('PAGER', 'less'), ('LC_MONETARY', 'vi_VN'), ('MANAGERPID', '1403'), ('DISTROBOX_ENTER_PATH', '/usr/bin/distrobox-enter'), ('SYSTEMD_EXEC_PID', '1679'), ('VISUAL', 'micro'), ('XDG_STATE_HOME', '/home/qhuy/.local/state'), ('DBUS_SESSION_BUS_ADDRESS', 'unix:path=/run/user/1000/bus'), ('COLORTERM', 'truecolor'), ('container', 'docker'), ('FZF_CTRL_R_OPTS', "--no-sort --exact --height=16 --border=rounded --prompt='History ❯ ' --delimiter=' │ ' --with-nth=2.."), ('NVM_DIR', '/home/qhuy/.nvm'), ('DEBUGINFOD_URLS', 'https://debuginfod.archlinux.org https://debuginfod.cachyos.org'), ('WEZTERM_EXECUTABLE', '/usr/bin/wezterm-gui'), ('WAYLAND_DISPLAY', 'wayland-0'), ('XKB_DEFAULT_LAYOUT', 'us'), ('FZF_CTRL_T_OPTS', "--preview 'bat --color=always --style=numbers --line-range=:500 {}' --preview-window=right:60%:border-left:wrap --bind 'ctrl-/:change-preview-window(down|hidden|)'"), ('ROS_DISTRO', 'humble'), ('LOGNAME', 'qhuy'), ('MANAGERPIDFDID', '12444'), ('JOURNAL_STREAM', '10:29762'), ('_', '/usr/bin/colcon'), ('ROS_VERSION', '2'), ('MEMORY_PRESSURE_WATCH', '/sys/fs/cgroup/user.slice/user-1000.slice/user@1000.service/session.slice/plasma-plasmashell.service/memory.pressure'), ('XDG_SESSION_CLASS', 'user'), ('TERMINFO_DIRS', '/usr/share/terminfo:/run/host/usr/share/terminfo'), ('TERM', 'xterm-256color'), ('XDG_SESSION_ID', '2'), ('WEZTERM_CONFIG_FILE', '/home/qhuy/.config/wezterm/wezterm.lua'), ('ROS_LOCALHOST_ONLY', '0'), ('GTK2_RC_FILES', '/etc/gtk-2.0/gtkrc:/home/qhuy/.gtkrc-2.0:/home/qhuy/.config/gtkrc-2.0'), ('FZF_ALT_C_COMMAND', 'fd --type d --hidden --follow --exclude .git --exclude node_modules'), ('WEZTERM_EXECUTABLE_DIR', '/usr/bin'), ('PATH', '/opt/ros/humble/bin:/home/qhuy/.npm-global/bin:/home/hogiabao/.bun/bin:/home/hogiabao/.local/bin:/home/hogiabao/go/bin:/usr/local/bin:/usr/bin:/usr/lib/jvm/default/bin:/usr/bin/site_perl:/usr/bin/vendor_perl:/usr/bin/core_perl:/usr/local/sbin:/usr/sbin:/usr/local/bin:/usr/bin:/sbin:/bin:/usr/local/sbin:/usr/sbin:/sbin:/bin:/usr/local/games:/usr/games:/usr/lib/jvm/java-11-openjdk-amd64/bin'), ('SESSION_MANAGER', 'local/wuochuy:@/tmp/.ICE-unix/1639,unix/wuochuy:/tmp/.ICE-unix/1639'), ('INVOCATION_ID', 'e298410d18f4441bbe5866be77110bcb'), ('XDG_SESSION_PATH', '/org/freedesktop/DisplayManager/Session1'), ('XDG_MENU_PREFIX', 'plasma-'), ('LC_ADDRESS', 'vi_VN'), ('XDG_RUNTIME_DIR', '/run/user/1000'), ('ICEAUTHORITY', '/run/user/1000/iceauth_JPHopU'), ('DISPLAY', ':0'), ('LANG', 'en_US.UTF-8'), ('XDG_CURRENT_DESKTOP', 'KDE'), ('LC_TELEPHONE', 'vi_VN'), ('XDG_DATA_HOME', '/home/qhuy/.local/share'), ('XDG_CONFIG_HOME', '/home/qhuy/.config'), ('XDG_SESSION_DESKTOP', 'KDE'), ('XAUTHORITY', '/run/user/1000/xauth_Baxyyc'), ('TERM_PROGRAM', 'WezTerm'), ('AMENT_PREFIX_PATH', '/opt/ros/humble'), ('CUDA_DISABLE_PERF_BOOST', '1'), ('UID', '1000'), ('SHELL', '/usr/bin/fish'), ('LC_NAME', 'vi_VN'), ('GOPATH', '/home/qhuy/go'), ('FZF_ALT_C_OPTS', "--preview 'eza --tree --level=2 --icons --color=always {}' --preview-window=right:50%:border-left --bind 'ctrl-/:change-preview-window(down|hidden|)'"), ('LC_MEASUREMENT', 'vi_VN'), ('LC_IDENTIFICATION', 'vi_VN'), ('WEZTERM_CONFIG_DIR', '/home/qhuy/.config/wezterm'), ('JAVA_HOME', '/usr/lib/jvm/java-11-openjdk-amd64'), ('PWD', '/home/qhuy/Documents/CD2/Autonomous-Maze-Solving-Turtlebot3-Simulation/build/autonomous_tb3'), ('FZF_DEFAULT_COMMAND', 'fd --type f --hidden --follow --exclude .git --exclude node_modules'), ('CONTAINER_ID', 'ros_box'), ('LC_ALL', 'en_US.UTF-8'), ('XDG_CONFIG_DIRS', '/home/qhuy/.config/kdedefaults:/etc/xdg'), ('EUID', '1000'), ('NVM_CD_FLAGS', ''), ('XDG_DATA_DIRS', '/usr/local/share:/usr/share'), ('WEZTERM_UNIX_SOCKET', '/run/user/1000/wezterm/gui-sock-11407'), ('STARSHIP_SESSION_KEY', '5584182851292190'), ('PYTHONPATH', '/opt/ros/humble/lib/python3.10/site-packages:/opt/ros/humble/local/lib/python3.10/dist-packages'), ('LC_NUMERIC', 'vi_VN'), ('LC_PAPER', 'vi_VN'), ('KDE_SESSION_UID', '1000'), ('WEZTERM_PANE', '3'), ('COLCON', '1'), ('MEMORY_PRESSURE_WRITE', 'c29tZSAyMDAwMDAgMjAwMDAwMAA='), ('NVM_RC_VERSION', ''), ('EDITOR', 'micro'), ('CMAKE_PREFIX_PATH', '/opt/ros/humble')]), 'shell': False}
[0.911386] (autonomous_tb3) StdoutLine: {'line': b'-- Install configuration: ""\n'}
[0.911984] (autonomous_tb3) StdoutLine: {'line': b'-- Execute custom install script\n'}
[0.912118] (autonomous_tb3) StdoutLine: {'line': b'-- Symlinking: /home/qhuy/Documents/CD2/Autonomous-Maze-Solving-Turtlebot3-Simulation/install/autonomous_tb3/share/autonomous_tb3/environment/pythonpath.sh\n'}
[0.917336] (autonomous_tb3) StdoutLine: {'line': b'-- Symlinking: /home/qhuy/Documents/CD2/Autonomous-Maze-Solving-Turtlebot3-Simulation/install/autonomous_tb3/share/autonomous_tb3/environment/pythonpath.dsv\n'}
[0.922298] (autonomous_tb3) StdoutLine: {'line': b'-- Symlinking: /home/qhuy/Documents/CD2/Autonomous-Maze-Solving-Turtlebot3-Simulation/install/autonomous_tb3/local/lib/python3.10/dist-packages/script-0.0.0-py3.10.egg-info/PKG-INFO\n'}
[0.927089] (autonomous_tb3) StdoutLine: {'line': b'-- Symlinking: /home/qhuy/Documents/CD2/Autonomous-Maze-Solving-Turtlebot3-Simulation/install/autonomous_tb3/local/lib/python3.10/dist-packages/script-0.0.0-py3.10.egg-info/SOURCES.txt\n'}
[0.931900] (autonomous_tb3) StdoutLine: {'line': b'-- Symlinking: /home/qhuy/Documents/CD2/Autonomous-Maze-Solving-Turtlebot3-Simulation/install/autonomous_tb3/local/lib/python3.10/dist-packages/script-0.0.0-py3.10.egg-info/dependency_links.txt\n'}
[0.936737] (autonomous_tb3) StdoutLine: {'line': b'-- Symlinking: /home/qhuy/Documents/CD2/Autonomous-Maze-Solving-Turtlebot3-Simulation/install/autonomous_tb3/local/lib/python3.10/dist-packages/script-0.0.0-py3.10.egg-info/top_level.txt\n'}
[0.942016] (autonomous_tb3) StdoutLine: {'line': b'-- Symlinking: /home/qhuy/Documents/CD2/Autonomous-Maze-Solving-Turtlebot3-Simulation/install/autonomous_tb3/local/lib/python3.10/dist-packages/script/__init__.py\n'}
[0.947627] (autonomous_tb3) StdoutLine: {'line': b'-- Symlinking: /home/qhuy/Documents/CD2/Autonomous-Maze-Solving-Turtlebot3-Simulation/install/autonomous_tb3/local/lib/python3.10/dist-packages/script/entity_spawner.py\n'}
[0.952966] (autonomous_tb3) StdoutLine: {'line': b'-- Symlinking: /home/qhuy/Documents/CD2/Autonomous-Maze-Solving-Turtlebot3-Simulation/install/autonomous_tb3/local/lib/python3.10/dist-packages/script/maze_solver.py\n'}
[0.958425] (autonomous_tb3) StdoutLine: {'line': b'-- Symlinking: /home/qhuy/Documents/CD2/Autonomous-Maze-Solving-Turtlebot3-Simulation/install/autonomous_tb3/local/lib/python3.10/dist-packages/script/occupancy_grid_pub.py\n'}
[0.964362] (autonomous_tb3) StdoutLine: {'line': b'-- Symlinking: /home/qhuy/Documents/CD2/Autonomous-Maze-Solving-Turtlebot3-Simulation/install/autonomous_tb3/lib/autonomous_tb3/occupancy_grid_pub.py\n'}
[0.970389] (autonomous_tb3) StdoutLine: {'line': b'-- Symlinking: /home/qhuy/Documents/CD2/Autonomous-Maze-Solving-Turtlebot3-Simulation/install/autonomous_tb3/lib/autonomous_tb3/entity_spawner.py\n'}
[0.976584] (autonomous_tb3) StdoutLine: {'line': b'-- Symlinking: /home/qhuy/Documents/CD2/Autonomous-Maze-Solving-Turtlebot3-Simulation/install/autonomous_tb3/lib/autonomous_tb3/maze_solver.py\n'}
[0.983358] (autonomous_tb3) StdoutLine: {'line': b'-- Symlinking: /home/qhuy/Documents/CD2/Autonomous-Maze-Solving-Turtlebot3-Simulation/install/autonomous_tb3/share/autonomous_tb3//config/maze_map.pgm\n'}
[0.989457] (autonomous_tb3) StdoutLine: {'line': b'-- Symlinking: /home/qhuy/Documents/CD2/Autonomous-Maze-Solving-Turtlebot3-Simulation/install/autonomous_tb3/share/autonomous_tb3//config/maze_map.yaml\n'}
[0.995680] (autonomous_tb3) StdoutLine: {'line': b'-- Symlinking: /home/qhuy/Documents/CD2/Autonomous-Maze-Solving-Turtlebot3-Simulation/install/autonomous_tb3/share/autonomous_tb3//config/tb3_nav.rviz\n'}
[1.000806] (-) TimerEvent: {}
[1.001641] (autonomous_tb3) StdoutLine: {'line': b'-- Symlinking: /home/qhuy/Documents/CD2/Autonomous-Maze-Solving-Turtlebot3-Simulation/install/autonomous_tb3/share/autonomous_tb3//config/tb3_nav_params.yaml\n'}
[1.007983] (autonomous_tb3) StdoutLine: {'line': b'-- Symlinking: /home/qhuy/Documents/CD2/Autonomous-Maze-Solving-Turtlebot3-Simulation/install/autonomous_tb3/share/autonomous_tb3//config/tb3_world_2d_map.pgm\n'}
[1.014511] (autonomous_tb3) StdoutLine: {'line': b'-- Symlinking: /home/qhuy/Documents/CD2/Autonomous-Maze-Solving-Turtlebot3-Simulation/install/autonomous_tb3/share/autonomous_tb3//config/tb3_world_2d_map.yaml\n'}
[1.020494] (autonomous_tb3) StdoutLine: {'line': b'-- Symlinking: /home/qhuy/Documents/CD2/Autonomous-Maze-Solving-Turtlebot3-Simulation/install/autonomous_tb3/share/autonomous_tb3//config/turtlebot3_cartographer.lua\n'}
[1.026073] (autonomous_tb3) StdoutLine: {'line': b'-- Symlinking: /home/qhuy/Documents/CD2/Autonomous-Maze-Solving-Turtlebot3-Simulation/install/autonomous_tb3/share/autonomous_tb3//launch/mapping.launch.py\n'}
[1.031153] (autonomous_tb3) StdoutLine: {'line': b'-- Symlinking: /home/qhuy/Documents/CD2/Autonomous-Maze-Solving-Turtlebot3-Simulation/install/autonomous_tb3/share/autonomous_tb3//launch/navigation.launch.py\n'}
[1.036417] (autonomous_tb3) StdoutLine: {'line': b'-- Symlinking: /home/qhuy/Documents/CD2/Autonomous-Maze-Solving-Turtlebot3-Simulation/install/autonomous_tb3/share/autonomous_tb3//launch/tb3_maze_navigation.launch.py\n'}
[1.041660] (autonomous_tb3) StdoutLine: {'line': b'-- Symlinking: /home/qhuy/Documents/CD2/Autonomous-Maze-Solving-Turtlebot3-Simulation/install/autonomous_tb3/share/autonomous_tb3//worlds/tb3_maze_world/model.config\n'}
[1.046948] (autonomous_tb3) StdoutLine: {'line': b'-- Symlinking: /home/qhuy/Documents/CD2/Autonomous-Maze-Solving-Turtlebot3-Simulation/install/autonomous_tb3/share/autonomous_tb3//worlds/tb3_maze_world/model.sdf\n'}
[1.052340] (autonomous_tb3) StdoutLine: {'line': b'-- Symlinking: /home/qhuy/Documents/CD2/Autonomous-Maze-Solving-Turtlebot3-Simulation/install/autonomous_tb3/share/ament_index/resource_index/package_run_dependencies/autonomous_tb3\n'}
[1.057652] (autonomous_tb3) StdoutLine: {'line': b'-- Symlinking: /home/qhuy/Documents/CD2/Autonomous-Maze-Solving-Turtlebot3-Simulation/install/autonomous_tb3/share/ament_index/resource_index/parent_prefix_path/autonomous_tb3\n'}
[1.062550] (autonomous_tb3) StdoutLine: {'line': b'-- Symlinking: /home/qhuy/Documents/CD2/Autonomous-Maze-Solving-Turtlebot3-Simulation/install/autonomous_tb3/share/autonomous_tb3/environment/ament_prefix_path.sh\n'}
[1.067517] (autonomous_tb3) StdoutLine: {'line': b'-- Symlinking: /home/qhuy/Documents/CD2/Autonomous-Maze-Solving-Turtlebot3-Simulation/install/autonomous_tb3/share/autonomous_tb3/environment/ament_prefix_path.dsv\n'}
[1.072477] (autonomous_tb3) StdoutLine: {'line': b'-- Symlinking: /home/qhuy/Documents/CD2/Autonomous-Maze-Solving-Turtlebot3-Simulation/install/autonomous_tb3/share/autonomous_tb3/environment/path.sh\n'}
[1.077606] (autonomous_tb3) StdoutLine: {'line': b'-- Symlinking: /home/qhuy/Documents/CD2/Autonomous-Maze-Solving-Turtlebot3-Simulation/install/autonomous_tb3/share/autonomous_tb3/environment/path.dsv\n'}
[1.082430] (autonomous_tb3) StdoutLine: {'line': b'-- Symlinking: /home/qhuy/Documents/CD2/Autonomous-Maze-Solving-Turtlebot3-Simulation/install/autonomous_tb3/share/autonomous_tb3/local_setup.bash\n'}
[1.087275] (autonomous_tb3) StdoutLine: {'line': b'-- Symlinking: /home/qhuy/Documents/CD2/Autonomous-Maze-Solving-Turtlebot3-Simulation/install/autonomous_tb3/share/autonomous_tb3/local_setup.sh\n'}
[1.092090] (autonomous_tb3) StdoutLine: {'line': b'-- Symlinking: /home/qhuy/Documents/CD2/Autonomous-Maze-Solving-Turtlebot3-Simulation/install/autonomous_tb3/share/autonomous_tb3/local_setup.zsh\n'}
[1.096712] (autonomous_tb3) StdoutLine: {'line': b'-- Symlinking: /home/qhuy/Documents/CD2/Autonomous-Maze-Solving-Turtlebot3-Simulation/install/autonomous_tb3/share/autonomous_tb3/local_setup.dsv\n'}
[1.100883] (-) TimerEvent: {}
[1.101878] (autonomous_tb3) StdoutLine: {'line': b'-- Symlinking: /home/qhuy/Documents/CD2/Autonomous-Maze-Solving-Turtlebot3-Simulation/install/autonomous_tb3/share/autonomous_tb3/package.dsv\n'}
[1.107306] (autonomous_tb3) StdoutLine: {'line': b'-- Symlinking: /home/qhuy/Documents/CD2/Autonomous-Maze-Solving-Turtlebot3-Simulation/install/autonomous_tb3/share/ament_index/resource_index/packages/autonomous_tb3\n'}
[1.112709] (autonomous_tb3) StdoutLine: {'line': b'-- Symlinking: /home/qhuy/Documents/CD2/Autonomous-Maze-Solving-Turtlebot3-Simulation/install/autonomous_tb3/share/autonomous_tb3/cmake/autonomous_tb3Config.cmake\n'}
[1.117435] (autonomous_tb3) StdoutLine: {'line': b'-- Symlinking: /home/qhuy/Documents/CD2/Autonomous-Maze-Solving-Turtlebot3-Simulation/install/autonomous_tb3/share/autonomous_tb3/cmake/autonomous_tb3Config-version.cmake\n'}
[1.122218] (autonomous_tb3) StdoutLine: {'line': b'-- Symlinking: /home/qhuy/Documents/CD2/Autonomous-Maze-Solving-Turtlebot3-Simulation/install/autonomous_tb3/share/autonomous_tb3/package.xml\n'}
[1.153168] (autonomous_tb3) StdoutLine: {'line': b"Listing '/home/qhuy/Documents/CD2/Autonomous-Maze-Solving-Turtlebot3-Simulation/install/autonomous_tb3/local/lib/python3.10/dist-packages/script'...\n"}
[1.153349] (autonomous_tb3) StdoutLine: {'line': b"Compiling '/home/qhuy/Documents/CD2/Autonomous-Maze-Solving-Turtlebot3-Simulation/install/autonomous_tb3/local/lib/python3.10/dist-packages/script/__init__.py'...\n"}
[1.153400] (autonomous_tb3) StdoutLine: {'line': b"Compiling '/home/qhuy/Documents/CD2/Autonomous-Maze-Solving-Turtlebot3-Simulation/install/autonomous_tb3/local/lib/python3.10/dist-packages/script/entity_spawner.py'...\n"}
[1.153446] (autonomous_tb3) StdoutLine: {'line': b"Compiling '/home/qhuy/Documents/CD2/Autonomous-Maze-Solving-Turtlebot3-Simulation/install/autonomous_tb3/local/lib/python3.10/dist-packages/script/maze_solver.py'...\n"}
[1.153494] (autonomous_tb3) StdoutLine: {'line': b"Compiling '/home/qhuy/Documents/CD2/Autonomous-Maze-Solving-Turtlebot3-Simulation/install/autonomous_tb3/local/lib/python3.10/dist-packages/script/occupancy_grid_pub.py'...\n"}
[1.159613] (autonomous_tb3) CommandEnded: {'returncode': 0}
[1.174318] (autonomous_tb3) JobEnded: {'identifier': 'autonomous_tb3', 'rc': 0}
[1.174985] (-) EventReactorShutdown: {}
